// Jest Snapshot v1, https://goo.gl/fbAQLP

exports[`renders 1`] = `
<DocumentFragment>
  <nav
    class="sc-bdVaJa kCcGsS"
  >
    <a
      aria-current="page"
      href="/"
    >
      <h3>
        Admin
      </h3>
    </a>
    | 
    <a
      href="/displayusers"
    >
      Display Users
    </a>
  </nav>
</DocumentFragment>
`;
