// Jest Snapshot v1, https://goo.gl/fbAQLP

exports[`renders 1`] = `
<DocumentFragment>
  <nav
    class="sc-bdVaJa doDQFS"
  >
    <div
      class="sc-bwzfXH iXaUif"
    >
      <div
        class="sc-htpNat hZoBaN"
      >
        <img
          src="key.svg"
        />
      </div>
      <h1>
        Admin
      </h1>
    </div>
    <section
      class="sc-ifAKCX izJrHi"
    >
      <a
        aria-current="page"
        href="/"
      >
        <img
          src="home.svg"
        />
      </a>
      <a
        class="sc-bxivhb gyztPx"
      >
        Home
      </a>
      <a
        href="/viewusers"
      >
        <img
          src="view_users.svg"
        />
      </a>
      <a
        class="sc-bxivhb gyztPx"
      >
        View Users
      </a>
      <a
        href="/addusers"
      >
        <img
          src="add_user.svg"
        />
      </a>
      <a
        class="sc-bxivhb gyztPx"
      >
        Add Users
      </a>
    </section>
    <div>
      Rest
    </div>
  </nav>
</DocumentFragment>
`;
