// Jest Snapshot v1, https://goo.gl/fbAQLP

exports[`matches snapshot 1`] = `[Function]`;

exports[`renders 1`] = `
<DocumentFragment>
  <nav
    class="sc-bdVaJa doDQFS"
  >
    <div
      class="sc-bwzfXH hVgNAy"
    >
      <div
        class="sc-htpNat hPucVN"
      >
        <img
          alt="placeholder of a key"
          src="AdminPic.png"
        />
      </div>
      <h1
        data-testid="h1"
      >
        Admin
      </h1>
    </div>
    <section
      class="sc-ifAKCX izJrHi"
    >
      <a
        aria-current="page"
        href="/"
      >
        <div
          class="sc-bxivhb iYyxbw"
        >
          <img
            alt="icon of home button"
            src="home.svg"
          />
          <div>
            Home
          </div>
        </div>
      </a>
      <a
        href="/viewusers"
      >
        <div
          class="sc-bxivhb iYyxbw"
        >
          <img
            alt="icon of view users button"
            src="view_users.svg"
          />
          <div>
            View Users
          </div>
        </div>
      </a>
      <a
        href="/addusers"
      >
        <div
          class="sc-bxivhb iYyxbw"
        >
          <img
            alt="icon of add user button"
            src="add_user.svg"
          />
          <div>
            Add Users
          </div>
        </div>
      </a>
    </section>
    <div>
      Rest
    </div>
  </nav>
</DocumentFragment>
`;
